// Jest Snapshot v1, https://goo.gl/fbAQLP

exports[`NoMatch snapshots should render correctly with default props 1`] = `
<h1
  className="noMatch"
>
  404 !
</h1>
`;
